{"streams":[{"labels":"{level=\"error\"}","entries":[{"ts":"<datetime>","line":"Something's wrong\n"}]}]}
