{"streams":[{"stream":{"Level":"error"},"values":[["<unixtimestamp>","Something\u0027s wrong"]]},{"stream":{"Level":"warning"},"values":[["<unixtimestamp>","Something else is wrong"]]}]}