{"streams":[{"stream":{"Level":"error"},"values":[["<unixtimestamp>","Something\u0027s wrong"]]}]}